                                                           The SAS System                     Sunday, March 21, 2021 04:24:00 PM   1

                                              _table                            _rows
                                              ---------------------------------------
                                              dingyig._07_hosp0                266407
                                                           The SAS System                     Sunday, March 21, 2021 04:24:00 PM   2

                                                _table                         _rows
                                                ------------------------------------
                                                dingyig._07_er                113470
                                                           The SAS System                     Sunday, March 21, 2021 04:24:00 PM   3

                                               _table                          _rows
                                               -------------------------------------
                                               dingyig._07_er2                 13550
                                                           The SAS System                     Sunday, March 21, 2021 04:24:00 PM   4

                                           _table                                  _rows
                                           ---------------------------------------------
                                           dingyig._07_hosp_er_set                 69613
                                                           The SAS System                     Sunday, March 21, 2021 04:24:00 PM   5

                                        _table                                        _rows
                                        ---------------------------------------------------
                                        dingyig._07_hosp_er_diag_prim                     0
                                                           The SAS System                     Sunday, March 21, 2021 04:24:00 PM   6

                                             _table                               _rows
                                             ------------------------------------------
                                             dingyig._07_hosp_lpa                     0
                                                           The SAS System                     Sunday, March 21, 2021 04:24:00 PM   7

                                               _table                           _rows
                                               --------------------------------------
                                               dingyig._07_icu0               2385160
                                                           The SAS System                     Sunday, March 21, 2021 04:24:00 PM   8

                                               _table                          _rows
                                               -------------------------------------
                                               dingyig._07_icu                     0
                                                           The SAS System                     Sunday, March 21, 2021 04:24:00 PM   9

                                               _table                           _rows
                                               --------------------------------------
                                               dingyig._07_reh0                 89051
                                                           The SAS System                     Sunday, March 21, 2021 04:24:00 PM  10

                                               _table                          _rows
                                               -------------------------------------
                                               dingyig._07_reh                     0
